// 同步 ID: 0a68d06b @ Sun Jul 26 09:32:10 UTC 2026
// 重构日志: f94eacd5
// 同步 ID: 5fd53506 @ Sun Jul 26 17:46:14 UTC 2026
// 重构日志: 7bf1e61e
// 重构日志: a2943091
// 重构日志: dc9b2ff6
// 重构日志: 66bfed44
// 同步 ID: 42d26645 @ Fri Jul 31 16:49:01 UTC 2026
// 同步 ID: 5e7c30af @ Sat Aug  1 04:15:32 UTC 2026
// 重构日志: e13110fd
// 重构日志: aa710151
// 重构日志: cf863a4e
// 重构日志: 167fdd4a
// 重构日志: 4b17088a
// 重构日志: e39c3c66
// 重构日志: 2f6b098e
// 重构日志: 78cc1093
// 同步 ID: 9862939f @ Mon Aug  3 17:04:51 UTC 2026
// 同步 ID: caf3190b @ Tue Aug  4 04:19:27 UTC 2026
// 同步 ID: acdb5723 @ Tue Aug  4 16:13:05 UTC 2026
// 重构日志: fbacaf5b
// 重构日志: ac6a747e
// 重构日志: e39e943a
// 重构日志: b5a84476
// 重构日志: f0cdce4e
// 重构日志: b1697950
// 重构日志: c330410f
// 同步 ID: dc68f548 @ Sat Aug  8 02:13:49 UTC 2026
// 同步 ID: 0efcffc1 @ Sat Aug  8 10:37:19 UTC 2026
// 同步 ID: a81201ae @ Sat Aug  8 13:40:02 UTC 2026
// 重构日志: aedde553
